<html>
<body>
<pre>
<h1>µVision Build Log</h1>
<h2>Tool Versions:</h2>
IDE-Version: µVision V5.34.0.0
Copyright (C) 2021 ARM Ltd and ARM Germany GmbH. All rights reserved.
License Information: Aleksandros Balkonis, University of Patras, LIC=----
 
Tool Versions:
Toolchain:       MDK-Lite  Version: 5.34.0.0
Toolchain Path:  C:\Keil_v5\ARM\ARMCC\Bin
C Compiler:      Armcc.exe V5.06 update 7 (build 960)
Assembler:       Armasm.exe V5.06 update 7 (build 960)
Linker/Locator:  ArmLink.exe V5.06 update 7 (build 960)
Library Manager: ArmAr.exe V5.06 update 7 (build 960)
Hex Converter:   FromElf.exe V5.06 update 7 (build 960)
CPU DLL:         SARMCM3.DLL V5.34.0.0
Dialog DLL:      DCM.DLL V1.17.3.0
Target DLL:      UL2CM3.DLL V1.163.9.0
Dialog DLL:      TCM.DLL V1.48.0.0
 
<h2>Project:</h2>
C:\Users\chist\Desktop\Diplomatikh\ArmCortex-M3\software\m3_for_arty_a7\Build_Keil\m3_for_arty_a7.uvprojx
Project File Date:  07/07/2021

<h2>Output:</h2>
*** Using Compiler 'V5.06 update 7 (build 960)', folder: 'C:\Keil_v5\ARM\ARMCC\Bin'
Rebuild target 'm3_for_arty_a7'
assembling atomic_asm.s...
assembling startup_ARTY_CM3.s...
compiling xspi_options.c...
compiling atomic.c...
compiling xspi_g.c...
compiling xspi.c...
compiling xspi_selftest.c...
compiling system_ARTY_CM3.c...
compiling xspi_stats.c...
compiling xuartlite_g.c...
compiling xspi_sinit.c...
compiling uart.c...
compiling spi.c...
compiling gpio.c...
compiling xuartlite.c...
compiling main.c...
compiling xuartlite_intr.c...
compiling xuartlite_sinit.c...
compiling xuartlite_l.c...
compiling xuartlite_stats.c...
compiling xuartlite_selftest.c...
compiling xgpio_g.c...
compiling xgpio_selftest.c...
compiling xgpio_intr.c...
compiling xgpio.c...
compiling xgpio_extra.c...
compiling xgpio_sinit.c...
compiling outbyte.c...
compiling print.c...
compiling xil_assert.c...
compiling xil_printf.c...
compiling xsysmon_sinit.c...
compiling xsysmon_selftest.c...
compiling xsysmon_g.c...
compiling xsysmon_intr.c...
compiling xsysmon.c...
linking...
Program Size: Code=14356 RO-data=1488 RW-data=260 ZI-data=5292  
FromELF: creating hex file...
After Build - User command #1: V:\software\m3_for_arty_a7\Build_Keil\make_hex_a7.bat
C:\Users\chist\Desktop\Diplomatikh\ArmCortex-M3\software\m3_for_arty_a7\Build_Keil>call fromelf --vhx --32x1 --output bram_a7.hex V:\software\m3_for_arty_a7\Build_Keil\objects\m3_for_arty_a7.axf 
C:\Users\chist\Desktop\Diplomatikh\ArmCortex-M3\software\m3_for_arty_a7\Build_Keil>copy  V:\software\m3_for_arty_a7\Build_Keil\objects\m3_for_arty_a7.axf bram_a7.elf 
        1 file(s) copied.
C:\Users\chist\Desktop\Diplomatikh\ArmCortex-M3\software\m3_for_arty_a7\Build_Keil>call fromelf --vhx --8x1  --output qspi_a7.hex V:\software\m3_for_arty_a7\Build_Keil\objects\m3_for_arty_a7.axf 
C:\Users\chist\Desktop\Diplomatikh\ArmCortex-M3\software\m3_for_arty_a7\Build_Keil>call fromelf --bin        --output qspi_a7.bin V:\software\m3_for_arty_a7\Build_Keil\objects\m3_for_arty_a7.axf 
C:\Users\chist\Desktop\Diplomatikh\ArmCortex-M3\software\m3_for_arty_a7\Build_Keil>copy bram_a7.* V:\hardware\m3_for_arty_a7\m3_for_arty_a7 
bram_a7.elf
bram_a7.hex
        2 file(s) copied.
C:\Users\chist\Desktop\Diplomatikh\ArmCortex-M3\software\m3_for_arty_a7\Build_Keil>copy qspi_a7.hex V:\hardware\m3_for_arty_a7\testbench 
        1 file(s) copied.
".\objects\m3_for_arty_a7.axf" - 0 Error(s), 0 Warning(s).

<h2>Software Packages used:</h2>

Package Vendor: ARM
                http://www.keil.com/pack/ARM.CMSIS.5.7.0.pack
                ARM.CMSIS.5.7.0
                CMSIS (Cortex Microcontroller Software Interface Standard)
   * Component: CORE Version: 5.4.0

<h2>Collection of Component include folders:</h2>
  .\RTE\_m3_for_arty_a7
  C:\Users\chist\AppData\Local\Arm\Packs\ARM\CMSIS\5.7.0\CMSIS\Core\Include
  C:\Users\chist\AppData\Local\Arm\Packs\ARM\CMSIS\5.7.0\Device\ARM\ARMCM3\Include

<h2>Collection of Component Files used:</h2>

   * Component: ARM::CMSIS:CORE:5.4.0
Build Time Elapsed:  00:00:02
</pre>
</body>
</html>
